// Jest Snapshot v1, https://goo.gl/fbAQLP

exports[`approved calculation baselines ammo total includes thrower module extra attacks 1`] = `
Object {
  "mainDamage": 1947.2,
  "mainDamageOnly": 11683.2,
  "total": 20366.4,
}
`;

exports[`approved calculation baselines special skill and talent rules retain approved outputs 1`] = `
Object {
  "云迹-旧日重现": 22005.12,
  "夜烟-赤色之瞳": 19778.68,
  "宴-落地斩·破门": 3280,
  "断罪者-断罪": 7108,
  "深靛-光影迷宫": 16748.977778,
  "猎蜂-急速拳": 2339.74359,
  "酸糖-扳机时刻": 21343.75,
}
`;

exports[`approved calculation baselines 卡达 同步索敌攻击 remains non-zero at every calculation phase 1`] = `
Object {
  "精一1級": 13786.9536,
  "精一滿級": 16856.50176,
  "精二1級": 22048.100308,
  "精二滿級": 25518.634615,
  "精零1級": 8420.692592,
  "精零滿級": 10885.285546,
}
`;
